<html>
<body>
<pre>
<h1>µVision Build Log</h1>
<h2>Tool Versions:</h2>
IDE-Version: ¦ÌVision V5.38.0.0
Copyright (C) 2022 ARM Ltd and ARM Germany GmbH. All rights reserved.
License Information: huang hong, dc, LIC=HN0AE-5YA3T-Y8GFK-ZQ710-HHEEL-QW8C9
 
Tool Versions:
Toolchain:       MDK-ARM Plus  Version: 5.38.0.0
Toolchain Path:  C:\Keil_v5\ARM\ARMCLANG\Bin
C Compiler:      ArmClang.exe V6.19
Assembler:       Armasm.exe V6.19
Linker/Locator:  ArmLink.exe V6.19
Library Manager: ArmAr.exe V6.19
Hex Converter:   FromElf.exe V6.19
CPU DLL:         SARMCM3.DLL V5.38.0.0
Dialog DLL:      DCM.DLL V1.17.5.0
Target DLL:      CMSIS_AGDI.dll V1.33.15.0
Dialog DLL:      TCM.DLL V1.56.4.0
 
<h2>Project:</h2>
C:\Users\admin\Desktop\temp\kento\Library_Seat_Management_System\firmware\main_controller_stm32\MDK-ARM\stm32f103c8t6_hal_demo.uvprojx
Project File Date:  04/28/2026

<h2>Output:</h2>
*** Using Compiler 'V6.19', folder: 'C:\Keil_v5\ARM\ARMCLANG\Bin'
Rebuild target 'stm32f103c8t6_hal_demo'
compiling gpio.c...
compiling stm32f1xx_it.c...
compiling usart.c...
compiling stm32f1xx_hal_gpio_ex.c...
compiling stm32f1xx_hal_msp.c...
compiling main.c...
compiling stm32f1xx_hal_rcc.c...
assembling startup_stm32f103xb.s...
compiling stm32f1xx_hal_rcc_ex.c...
compiling stm32f1xx_hal_gpio.c...
compiling stm32f1xx_hal_pwr.c...
compiling stm32f1xx_hal.c...
compiling stm32f1xx_hal_cortex.c...
compiling stm32f1xx_hal_dma.c...
compiling stm32f1xx_hal_uart.c...
compiling stm32f1xx_hal_flash.c...
compiling stm32f1xx_hal_flash_ex.c...
compiling kt_debug.c...
compiling kt_ringbuf.c...
compiling system_stm32f1xx.c...
compiling stm32f1xx_hal_exti.c...
compiling kt_protocol.c...
compiling kt_debug_protocol.c...
compiling kt_cmd.c...
compiling kt_tick.c...
compiling kt_port_gpio.c...
compiling kt_log.c...
compiling kt_port_uart.c...
compiling kt_boot_count.c...
compiling kt_task.c...
compiling kt_button.c...
compiling kt_led.c...
compiling kt_buzzer.c...
compiling app_io.c...
compiling kt_rc522.c...
compiling kt_oled.c...
compiling kt_ds1302.c...
compiling kt_hw_diag.c...
compiling kt_stepper.c...
compiling kt_modules.c...
compiling kt_uart_links.c...
linking...
Program Size: Code=27628 RO-data=3464 RW-data=12 ZI-data=2748  
FromELF: creating hex file...
"stm32f103c8t6_hal_demo\stm32f103c8t6_hal_demo.axf" - 0 Error(s), 0 Warning(s).

<h2>Software Packages used:</h2>

Package Vendor: ARM
                http://www.keil.com/pack/ARM.CMSIS.5.9.0.pack
                ARM.CMSIS.5.9.0
                CMSIS (Common Microcontroller Software Interface Standard)
   * Component: CORE Version: 5.6.0

Package Vendor: Keil
                https://www.keil.com/pack/Keil.STM32F1xx_DFP.2.4.1.pack
                Keil.STM32F1xx_DFP.2.4.1
                STMicroelectronics STM32F1 Series Device Support, Drivers and Examples

<h2>Collection of Component include folders:</h2>
  ./RTE/_stm32f103c8t6_hal_demo
  C:/Users/admin/AppData/Local/Arm/Packs/ARM/CMSIS/5.9.0/CMSIS/Core/Include
  C:/Users/admin/AppData/Local/Arm/Packs/Keil/STM32F1xx_DFP/2.4.1/Device/Include

<h2>Collection of Component Files used:</h2>

   * Component: ARM::CMSIS:CORE:5.6.0
      Include file:  CMSIS/Core/Include/tz_context.h
Build Time Elapsed:  00:00:08
</pre>
</body>
</html>
